Step 1: Open the git cmd 
Step 2: First navigate to the first git file only not the inner files. ex:cd gitlab
Step 3: Then do system configuration in the cmd box giving the user name and email
Step 4: Do global configuration giving the same then check git config --global --list to make sure your name comes up.
Step 5: Navigate to the folder you want to do the exp in ex: cd prg6
Step 6: Initialize the empty git repo using $git init
Step 7: Create a txt document and just add it into the cmd $git add and do a commit to establish the main branch, then do another commit and label it as the first commit.
Step 8: create a branch using $git branch <branchname>, then switch to that branch $git checkout <branchname>
Step 9: Add the same text file again and do a commit.
Step 10: Switch back to the main branch after creating the commit in secondary branch.
Step 11:  Merge the branches using $git merge <secondary branch> -m "Your custom commit message"
Step 12: We did it!

D:\Monu\3rd Sem\Git>cd gl

D:\Monu\3rd Sem\Git\gl>cd prg6

D:\Monu\3rd Sem\Git\gl\prg6>git init
Reinitialized existing Git repository in D:/Monu/3rd Sem/Git/gl/prg6/.git/

D:\Monu\3rd Sem\Git\gl\prg6>git add hey.txt

D:\Monu\3rd Sem\Git\gl\prg6>git commit -m "added hey"
[master (root-commit) e07c4d3] added hey
 1 file changed, 0 insertions(+), 0 deletions(-)
 create mode 100644 hey.txt

D:\Monu\3rd Sem\Git\gl\prg6>hey.txt

D:\Monu\3rd Sem\Git\gl\prg6>git add hey.txt

D:\Monu\3rd Sem\Git\gl\prg6>git commit -m "first commit"
[master dba76dd] first commit
 1 file changed, 1 insertion(+)

D:\Monu\3rd Sem\Git\gl\prg6>git branch feature

D:\Monu\3rd Sem\Git\gl\prg6>git checkout feature
Switched to branch 'feature'

D:\Monu\3rd Sem\Git\gl\prg6>git branch
* feature
  master

D:\Monu\3rd Sem\Git\gl\prg6>git merge feature -m "merging master to feature branch"
Already up to date.

D:\Monu\3rd Sem\Git\gl\prg6>git add hey.txt

D:\Monu\3rd Sem\Git\gl\prg6>hey.txt

D:\Monu\3rd Sem\Git\gl\prg6>git add hey.txt

D:\Monu\3rd Sem\Git\gl\prg6>git commit -m "new commit"
[feature c1213c5] new commit
 1 file changed, 2 insertions(+), 1 deletion(-)

D:\Monu\3rd Sem\Git\gl\prg6>git checkout master
Switched to branch 'master'

D:\Monu\3rd Sem\Git\gl\prg6>git merge feature -m "merging master to feature"
Updating dba76dd..c1213c5
Fast-forward (no commit created; -m option ignored)
 hey.txt | 3 ++-
 1 file changed, 2 insertions(+), 1 deletion(-)

D:\Monu\3rd Sem\Git\gl\prg6>