Step 1: Open the git cmd 
Step 2: First navigate to the first git file only not the inner files. ex:cd gitlab
Step 3: Then do system configuration in the cmd box giving the user name and email
Step 4: Do global configuration giving the same then check git config --global --list to make sure your name comes up.
Step 5: Navigate to the folder you want to do the exp in ex: cd prg10
Step 6: Initialize the empty git repo using $git init
Step 7: Create a txt file in your folder then add it to the cmd box and do a commit.
Step 8: Proceed to do three other changes and then do three other commits so now we have a total of four commits.
Step 9: Now we need to see all the commits made by the author so use $git log --author="Monika" --since="2023-01-01" --until="2024-3-14"
Step 10: This will proceed to show us all the commits made by that particular author in that time frame.
Step 11: We did it!

D:\Monu\3rd Sem\Git>cd gl

D:\Monu\3rd Sem\Git\gl>cd prg10

D:\Monu\3rd Sem\Git\gl\prg10>git init
Initialized empty Git repository in D:/Monu/3rd Sem/Git/gl/prg10/.git/

D:\Monu\3rd Sem\Git\gl\prg10>git add log.txt

D:\Monu\3rd Sem\Git\gl\prg10>git commit -m "added log file"
[master (root-commit) af074f5] added log file
 1 file changed, 0 insertions(+), 0 deletions(-)
 create mode 100644 log.txt

D:\Monu\3rd Sem\Git\gl\prg10>log.txt

D:\Monu\3rd Sem\Git\gl\prg10>git add log.txt

D:\Monu\3rd Sem\Git\gl\prg10>git commit -m "123"
[master 5037f07] 123
 1 file changed, 1 insertion(+)

D:\Monu\3rd Sem\Git\gl\prg10>git log --author="Monika" --since="2023-01-01" --until="2024-3-14"
commit 5037f07e253d6e8acde5cd87b7459b0d317d2fcc (HEAD -> master)
Author: Monika <ammonika2004@gmail.com>
Date:   Thu Mar 14 22:37:23 2024 +0530

    123

commit af074f51f0b6264fc6198b055b78057e9b527014
Author: Monika <ammonika2004@gmail.com>
Date:   Thu Mar 14 22:36:39 2024 +0530

    added log file

D:\Monu\3rd Sem\Git\gl\prg10>